
> build
> vite build

[36mvite v7.3.1 [32mbuilding client environment for production...[36m[39m
[plugin @laravel/vite-plugin-wayfinder] Types generated for actions, routes, form variants
transforming...
[32mΓ£ô[39m 2256 modules transformed.
node.exe : 
[31mΓ£ù[39m Build 
failed in 4.99s
At C:\nvm4w\nodejs\npm.
ps1:29 char:3
+   & $NODE_EXE 
$NPM_CLI_JS $args
+   ~~~~~~~~~~~~~~~~~~~
~~~~~~~~~~
    + CategoryInfo     
         : NotSpecifi  
  ed: ([31mΓ£ù[39m   
  Build failed in 4    
.99s:String) [], R    
emoteException
    + FullyQualifiedEr 
   rorId : NativeComm  
  andError
 
[31merror during 
build:
[31m[vite:load-fallbac
k] Could not load /reso
urces/js/routes/appeara
nce (imported by resour
ces/js/layouts/settings
/layout.tsx): ENOENT: 
no such file or 
directory, open 'C:\res
ources\js\routes\appear
ance'[31m
    at async open (node
:internal/fs/promises:6
38:25)
    at async 
Object.readFile (node:i
nternal/fs/promises:124
2:14)
    at async 
Object.handler (file://
/C:/laragon/www/backlin
kOrder/node_modules/vit
e/dist/node/chunks/conf
ig.js:33169:21)
    at async PluginDriv
er.hookFirstAndGetPlugi
n (file:///C:/laragon/w
ww/backlinkOrder/node_m
odules/rollup/dist/es/s
hared/node-entry.js:224
53:28)
    at async file:///C:
/laragon/www/backlinkOr
der/node_modules/rollup
/dist/es/shared/node-en
try.js:21445:33
    at async 
Queue.work (file:///C:/
laragon/www/backlinkOrd
er/node_modules/rollup/
dist/es/shared/node-ent
ry.js:22681:32)[39m
